
 RUN  v3.2.7 /Users/wpalish/ashyq-worktrees/c1-t09-qa-a2/frontend

 ✓ src/lib/format.test.ts (22 tests) 56ms
 ✓ src/screens/LegalScreen.test.tsx (9 tests) 60ms
 ✓ src/screens/ProgressScreen.test.tsx (16 tests) 179ms
 ✓ src/components/social.test.tsx (17 tests) 144ms
 ✓ src/lib/polling.test.tsx (5 tests) 137ms
 ✓ src/lib/store.test.tsx (18 tests) 174ms
 ❯ src/lib/drafts.test.tsx (16 tests | 1 failed) 224ms
   ✓ FE01: a brand-new unsaved case survives a reload > restores the edits and flags draftRestored after a remount 41ms
   × FE01: a brand-new unsaved case survives a reload > keeps a restored local-case draft across a second reload 30ms
     → expect(element).toHaveTextContent()

Expected element to have text content:
  Georgia
Received:

   ✓ a rejected save keeps the draft and reports the error > loses nothing on a failed save and retires the slot on a successful retry 16ms
   ✓ FE02: hydration gates autosave > does not wipe the draft slot while getProfile is slower than the debounce 14ms
   ✓ FE02: hydration gates autosave > keeps hydrated false until the profile request settles 8ms
   ✓ FE02: hydration gates autosave > keeps hydrated false until both the profile and the run settle 11ms
   ✓ FE03: case isolation > never applies case A saved edits to case B after a reload 5ms
   ✓ FE03: case isolation > keeps case A draft through a round trip A → B → A 10ms
   ✓ FE03: case isolation > discards a late response for case A after the user moved to case B 9ms
   ✓ FE03: case isolation > falls back to the server profile and drops an envelope with an unknown version 18ms
   ✓ FE03: case isolation > ignores an envelope that belongs to a different case 15ms
   ✓ FE03: case isolation > falls back cleanly when the draft slot holds broken JSON 11ms
   ✓ error semantics on initial hydration > treats 404 as proof the case is gone and forgets the pointer 4ms
   ✓ error semantics on initial hydration > keeps the case pointer and reports a 500 7ms
   ✓ error semantics on initial hydration > keeps the run pointer when the stored run cannot be fetched right now 10ms
   ✓ React StrictMode double mount > leaves one final state and does not wipe the slot during hydration 13ms
 ✓ src/screens/ShortlistScreen.test.tsx (13 tests) 275ms
 ✓ src/screens/ProfileScreen.test.tsx (7 tests) 345ms
stderr | src/components/PaymentModal.test.tsx > PaymentModal > opens an order and polls until it is paid
Warning: An update to PaymentModal inside a test was not wrapped in act(...).

When testing, code that causes React state updates should be wrapped into act(...):

act(() => {
  /* fire events that update state */
});
/* assert on the output */

This ensures that you're testing the behavior the user would see in the browser. Learn more at https://reactjs.org/link/wrap-tests-with-act
    at PaymentModal (/Users/wpalish/ashyq-worktrees/c1-t09-qa-a2/frontend/src/components/PaymentModal.tsx:8:25)

stderr | src/components/PaymentModal.test.tsx > PaymentModal > opens an order and polls until it is paid
Warning: An update to PaymentModal inside a test was not wrapped in act(...).

When testing, code that causes React state updates should be wrapped into act(...):

act(() => {
  /* fire events that update state */
});
/* assert on the output */

This ensures that you're testing the behavior the user would see in the browser. Learn more at https://reactjs.org/link/wrap-tests-with-act
    at PaymentModal (/Users/wpalish/ashyq-worktrees/c1-t09-qa-a2/frontend/src/components/PaymentModal.tsx:8:25)

 ✓ src/components/PaymentModal.test.tsx (6 tests) 253ms
 ✓ src/components/AccountMenu.test.tsx (5 tests) 101ms
 ✓ src/lib/i18n.test.ts (8 tests) 5ms
 ✓ src/api/client.billing.test.ts (6 tests) 9ms
 ✓ src/screens/PreferencesScreen.test.tsx (3 tests) 120ms
 ✓ src/components/primitives.test.tsx (7 tests) 62ms
 ✓ src/lib/hydrationErrors.test.tsx (2 tests) 129ms
stderr | src/components/PaywallNotice.test.tsx > PaywallNotice > offers the price when there is no subscription
Warning: An update to StoreProvider inside a test was not wrapped in act(...).

When testing, code that causes React state updates should be wrapped into act(...):

act(() => {
  /* fire events that update state */
});
/* assert on the output */

This ensures that you're testing the behavior the user would see in the browser. Learn more at https://reactjs.org/link/wrap-tests-with-act
    at StoreProvider (/Users/wpalish/ashyq-worktrees/c1-t09-qa-a2/frontend/src/lib/store.tsx:82:26)
Warning: An update to StoreProvider inside a test was not wrapped in act(...).

When testing, code that causes React state updates should be wrapped into act(...):

act(() => {
  /* fire events that update state */
});
/* assert on the output */

This ensures that you're testing the behavior the user would see in the browser. Learn more at https://reactjs.org/link/wrap-tests-with-act
    at StoreProvider (/Users/wpalish/ashyq-worktrees/c1-t09-qa-a2/frontend/src/lib/store.tsx:82:26)

stderr | src/components/PaywallNotice.test.tsx > PaywallNotice > offers the price when there is no subscription
Warning: An update to StoreProvider inside a test was not wrapped in act(...).

When testing, code that causes React state updates should be wrapped into act(...):

act(() => {
  /* fire events that update state */
});
/* assert on the output */

This ensures that you're testing the behavior the user would see in the browser. Learn more at https://reactjs.org/link/wrap-tests-with-act
    at StoreProvider (/Users/wpalish/ashyq-worktrees/c1-t09-qa-a2/frontend/src/lib/store.tsx:82:26)

stderr | src/components/PaywallNotice.test.tsx > PaywallNotice > offers the subscription first when cases remain
Warning: An update to StoreProvider inside a test was not wrapped in act(...).

When testing, code that causes React state updates should be wrapped into act(...):

act(() => {
  /* fire events that update state */
});
/* assert on the output */

This ensures that you're testing the behavior the user would see in the browser. Learn more at https://reactjs.org/link/wrap-tests-with-act
    at StoreProvider (/Users/wpalish/ashyq-worktrees/c1-t09-qa-a2/frontend/src/lib/store.tsx:82:26)
Warning: An update to StoreProvider inside a test was not wrapped in act(...).

When testing, code that causes React state updates should be wrapped into act(...):

act(() => {
  /* fire events that update state */
});
/* assert on the output */

This ensures that you're testing the behavior the user would see in the browser. Learn more at https://reactjs.org/link/wrap-tests-with-act
    at StoreProvider (/Users/wpalish/ashyq-worktrees/c1-t09-qa-a2/frontend/src/lib/store.tsx:82:26)

stderr | src/components/PaywallNotice.test.tsx > PaywallNotice > offers the subscription first when cases remain
Warning: An update to StoreProvider inside a test was not wrapped in act(...).

When testing, code that causes React state updates should be wrapped into act(...):

act(() => {
  /* fire events that update state */
});
/* assert on the output */

This ensures that you're testing the behavior the user would see in the browser. Learn more at https://reactjs.org/link/wrap-tests-with-act
    at StoreProvider (/Users/wpalish/ashyq-worktrees/c1-t09-qa-a2/frontend/src/lib/store.tsx:82:26)

 ✓ src/components/moderation.test.tsx (4 tests) 79ms
stderr | src/components/PaywallNotice.test.tsx > PaywallNotice > falls back to the price when the quota is exhausted
Warning: An update to StoreProvider inside a test was not wrapped in act(...).

When testing, code that causes React state updates should be wrapped into act(...):

act(() => {
  /* fire events that update state */
});
/* assert on the output */

This ensures that you're testing the behavior the user would see in the browser. Learn more at https://reactjs.org/link/wrap-tests-with-act
    at StoreProvider (/Users/wpalish/ashyq-worktrees/c1-t09-qa-a2/frontend/src/lib/store.tsx:82:26)
Warning: An update to StoreProvider inside a test was not wrapped in act(...).

When testing, code that causes React state updates should be wrapped into act(...):

act(() => {
  /* fire events that update state */
});
/* assert on the output */

This ensures that you're testing the behavior the user would see in the browser. Learn more at https://reactjs.org/link/wrap-tests-with-act
    at StoreProvider (/Users/wpalish/ashyq-worktrees/c1-t09-qa-a2/frontend/src/lib/store.tsx:82:26)

stderr | src/components/PaywallNotice.test.tsx > PaywallNotice > falls back to the price when the quota is exhausted
Warning: An update to StoreProvider inside a test was not wrapped in act(...).

When testing, code that causes React state updates should be wrapped into act(...):

act(() => {
  /* fire events that update state */
});
/* assert on the output */

This ensures that you're testing the behavior the user would see in the browser. Learn more at https://reactjs.org/link/wrap-tests-with-act
    at StoreProvider (/Users/wpalish/ashyq-worktrees/c1-t09-qa-a2/frontend/src/lib/store.tsx:82:26)

 ✓ src/components/PaywallNotice.test.tsx (4 tests) 73ms
 ✓ src/lib/immutable.test.ts (11 tests) 2ms
 ✓ src/components/ErrorBoundary.test.tsx (3 tests) 41ms

⎯⎯⎯⎯⎯⎯⎯ Failed Tests 1 ⎯⎯⎯⎯⎯⎯⎯

 FAIL  src/lib/drafts.test.tsx > FE01: a brand-new unsaved case survives a reload > keeps a restored local-case draft across a second reload
Error: expect(element).toHaveTextContent()

Expected element to have text content:
  Georgia
Received:

 ❯ src/lib/drafts.test.tsx:240:47
    238|     await flush();
    239| 
    240|     expect(screen.getByTestId('citizenship')).toHaveTextContent(EDIT_M…
       |                                               ^
    241|     expect(screen.getByTestId('draft-restored')).toHaveTextContent('tr…
    242|     expect(screen.getByTestId('saved')).toHaveTextContent('none');

⎯⎯⎯⎯⎯⎯⎯⎯⎯⎯⎯⎯⎯⎯⎯⎯⎯⎯⎯⎯⎯⎯⎯⎯[1/1]⎯


 Test Files  1 failed | 19 passed (20)
      Tests  1 failed | 181 passed (182)
   Start at  03:14:53
   Duration  2.40s (transform 874ms, setup 1.25s, collect 3.07s, tests 2.47s, environment 7.62s, prepare 1.43s)

