INFO  [alembic.runtime.migration] Context impl PostgresqlImpl.
INFO  [alembic.runtime.migration] Will assume transactional DDL.
INFO  [alembic.runtime.migration] Running upgrade  -> bb9a7d0ed5c3, Initial schema.
INFO  [alembic.runtime.migration] Running upgrade bb9a7d0ed5c3 -> c3a1f4e9b2d7, authentication, organizations and tenant-scoped applicant cases
INFO  [alembic.runtime.migration] Running upgrade c3a1f4e9b2d7 -> e2f7a41c9b83, client request key on research runs, so a replayed start returns its run
INFO  [alembic.runtime.migration] Running upgrade e2f7a41c9b83 -> f13b9c5d2a44, when a run's evidence next ages out
INFO  [alembic.runtime.migration] Running upgrade f13b9c5d2a44 -> a7c4e1f80b52, password reset tokens and a recorded email-verification flag
INFO  [alembic.runtime.migration] Running upgrade a7c4e1f80b52 -> b8d2f6c103ae, diagnostics that are unknowns, kept apart from failures
INFO  [alembic.runtime.migration] Running upgrade b8d2f6c103ae -> c9e05a71f4d8, JSON columns become JSONB on PostgreSQL
INFO  [alembic.runtime.migration] Running upgrade c9e05a71f4d8 -> e7c4a91b6f20, social module: applicant profiles, posts, tags and threads
INFO  [alembic.runtime.migration] Running upgrade e7c4a91b6f20 -> a4d1c7e58b92, which portfolio bucket a result landed in
INFO  [alembic.runtime.migration] Running upgrade a4d1c7e58b92 -> f2a8c17d9e04, private conversations, and who may start one
INFO  [alembic.runtime.migration] Running upgrade f2a8c17d9e04 -> a4d61c8e73b2, blocking, and a queue for what a person reports
INFO  [alembic.runtime.migration] Running upgrade a4d61c8e73b2 -> c8f3b0d47a19, avatars, stored and served by us
INFO  [alembic.runtime.migration] Running upgrade c8f3b0d47a19 -> d4b2c8f17a90, Orders, payment events, entitlements, and the tier a run was allowed.
INFO  [alembic.runtime.migration] Running upgrade d4b2c8f17a90 -> e7c1a4d90b52, School subscriptions, and the retirement of the org-wide entitlement.
INFO  [alembic.runtime.migration] Running upgrade e7c1a4d90b52 -> b4e8a1c2f6d9, Source pages: the crawler's conditional-GET memory, and its retention.
INFO  [alembic.runtime.migration] Running upgrade b4e8a1c2f6d9 -> d9c4e7a21b83, claims.source_page_id and research_runs.recheck_generation
ERROR [unimatch.worker] job 76787b2c failed
Traceback (most recent call last):
  File "/Users/wpalish/ashyq-worktrees/c2-t32-verify-a2/backend/app/jobs/worker.py", line 135, in execute
    await self._dispatch(session, store, job, lease_token=lease_token)
  File "/Users/wpalish/ashyq-worktrees/c2-t32-verify-a2/backend/app/jobs/worker.py", line 347, in _dispatch
    if not store.complete(job.id, lease_token=lease_token):
           ^^^^^^^^^^^^^^^^^^^^^^^^^^^^^^^^^^^^^^^^^^^^^^^
  File "/Users/wpalish/ashyq-worktrees/c2-t32-verify-a2/backend/app/jobs/store.py", line 232, in complete
    completed = self.session.execute(
                ^^^^^^^^^^^^^^^^^^^^^
  File "/Users/wpalish/ashyq-worktrees/c2-t32-verify-a2/backend/.venv/lib/python3.12/site-packages/sqlalchemy/orm/session.py", line 2362, in execute
    return self._execute_internal(
           ^^^^^^^^^^^^^^^^^^^^^^^
  File "/Users/wpalish/ashyq-worktrees/c2-t32-verify-a2/backend/.venv/lib/python3.12/site-packages/sqlalchemy/orm/session.py", line 2226, in _execute_internal
    ) = compile_state_cls.orm_pre_session_exec(
        ^^^^^^^^^^^^^^^^^^^^^^^^^^^^^^^^^^^^^^^
  File "/Users/wpalish/ashyq-worktrees/c2-t32-verify-a2/backend/.venv/lib/python3.12/site-packages/sqlalchemy/orm/bulk_persistence.py", line 728, in orm_pre_session_exec
    session._autoflush()
  File "/Users/wpalish/ashyq-worktrees/c2-t32-verify-a2/backend/.venv/lib/python3.12/site-packages/sqlalchemy/orm/session.py", line 3050, in _autoflush
    self.flush()
  File "/Users/wpalish/ashyq-worktrees/c2-t32-verify-a2/backend/.venv/lib/python3.12/site-packages/sqlalchemy/orm/session.py", line 4352, in flush
    self._flush(objects)
  File "/Users/wpalish/ashyq-worktrees/c2-t32-verify-a2/backend/.venv/lib/python3.12/site-packages/sqlalchemy/orm/session.py", line 4487, in _flush
    with util.safe_reraise():
         ^^^^^^^^^^^^^^^^^^^
  File "/Users/wpalish/ashyq-worktrees/c2-t32-verify-a2/backend/.venv/lib/python3.12/site-packages/sqlalchemy/util/langhelpers.py", line 146, in __exit__
    raise exc_value.with_traceback(exc_tb)
  File "/Users/wpalish/ashyq-worktrees/c2-t32-verify-a2/backend/.venv/lib/python3.12/site-packages/sqlalchemy/orm/session.py", line 4448, in _flush
    flush_context.execute()
  File "/Users/wpalish/ashyq-worktrees/c2-t32-verify-a2/backend/.venv/lib/python3.12/site-packages/sqlalchemy/orm/unitofwork.py", line 466, in execute
    rec.execute(self)
  File "/Users/wpalish/ashyq-worktrees/c2-t32-verify-a2/backend/.venv/lib/python3.12/site-packages/sqlalchemy/orm/unitofwork.py", line 642, in execute
    util.preloaded.orm_persistence.save_obj(
  File "/Users/wpalish/ashyq-worktrees/c2-t32-verify-a2/backend/.venv/lib/python3.12/site-packages/sqlalchemy/orm/persistence.py", line 85, in save_obj
    _emit_update_statements(
  File "/Users/wpalish/ashyq-worktrees/c2-t32-verify-a2/backend/.venv/lib/python3.12/site-packages/sqlalchemy/orm/persistence.py", line 948, in _emit_update_statements
    raise orm_exc.StaleDataError(
sqlalchemy.orm.exc.StaleDataError: UPDATE statement on table 'source_pages' expected to update 1 row(s); 0 were matched.

--- Scenario 1: NULL-validator row (never fetched) -> honest origin fetch ---
PASS  s1: one job executed  [drained=1]
PASS  s1: handler fetched unconditionally from origin (use_cache=False, no validators)  [call={'url': 'https://example.edu/programme', 'use_cache': False, 'etag': None, 'if_modified_since': None}]
PASS  s1: job SUCCEEDED  [status=succeeded]
PASS  s1: old v1 claim superseded (column+payload)  [status=SUPERSEDED]
PASS  s1: new claims appended beyond the superseded one  [rows=4]
PASS  s1: appended claim is ORIGIN truth (7.5), not warm-cache v1 (6.0)  [live_ielts=[7.5]]
PASS  s1: page row recorded the origin validators  [etag='"etag-v2"' hash='c2c2c2c2c2c2c2c2c2c2c2c2c2c2c2c2c2c2c2c2c2c2c2c2c2c2c2c2c2c2c2c2']

--- Scenario 2: row deleted between load and fetch, then a 304 ---
    worker.execute exception (if any): None
PASS  s2: the handler DID reach its fetch (conditional GET)  [[{'etag': '"etag-same"', 'if_modified_since': 'Wed, 07 Sep 2026 05:00:00 GMT', 'use_cache': False}]]
PASS  s2: NO false no-change success over a deleted row (job not SUCCEEDED)  [status=queued last_error="StaleDataError: UPDATE statement on table 'source_pages' expected to update 1 row(s); 0 were matched."]
PASS  s2: live claim untouched (VERIFIED_CURRENT)  [status=VERIFIED_CURRENT]
PASS  s2: nothing appended  [rows=1]
PASS  s2: the source_pages row stays deleted (no resurrection via 304)
PASS  s2: retry also fails honestly (page is gone), job never succeeds  [retried=False status=queued]

TOTAL=13 PASS=13 FAIL=0
