........................F...................                             [100%]
=================================== FAILURES ===================================
_ TestDemoRunIsByteIdentical.test_the_demo_pipeline_payload_is_byte_identical_to_baseline _

self = <tests.test_freshness_regressions.TestDemoRunIsByteIdentical object at 0x1076a15e0>
demo_session = (<sqlalchemy.orm.session.Session object at 0x109430080>, 'f65551925edc4d55afe68e4820132611')

    def test_the_demo_pipeline_payload_is_byte_identical_to_baseline(self, demo_session):
        session, run_id = demo_session
        dump = _canonical_demo_dump(session, run_id)
>       assert hashlib.sha256(dump.encode("utf-8")).hexdigest() == GOLDEN_DEMO_SHA256, (
            "the demo pipeline output drifted from the baseline golden. If (and only if) "
            "the drift is intended and confined to documented masking shapes, re-capture "
            "GOLDEN_DEMO_SHA256 from the new baseline; otherwise fix the regression."
        )
E       AssertionError: the demo pipeline output drifted from the baseline golden. If (and only if) the drift is intended and confined to documented masking shapes, re-capture GOLDEN_DEMO_SHA256 from the new baseline; otherwise fix the regression.
E       assert 'f738705e4579...93c4a759a4579' == 'aae8c595ab8f...5059327e4d702'
E
E         - aae8c595ab8f78c8a03a87eddde03a811b8986e4725817d05c65059327e4d702
E         + f738705e457985809913ae4236245eeb12c9c984c294f72539893c4a759a4579

tests/test_freshness_regressions.py:556: AssertionError
=============================== warnings summary ===============================
tests/test_source_scan.py::TestRefreshEndpoint::test_a_free_tenant_is_refused_with_the_standard_402
  /Users/wpalish/ashyq-worktrees/c2-t32-verify/backend/.venv/lib/python3.12/site-packages/fastapi/testclient.py:1: StarletteDeprecationWarning: Using `httpx` with `starlette.testclient` is deprecated; install `httpx2` instead.
    from starlette.testclient import TestClient as TestClient  # noqa

-- Docs: https://docs.pytest.org/en/stable/how-to/capture-warnings.html
=========================== short test summary info ============================
FAILED tests/test_freshness_regressions.py::TestDemoRunIsByteIdentical::test_the_demo_pipeline_payload_is_byte_identical_to_baseline
1 failed, 43 passed, 1 warning in 5.80s
