...........................FFFFFFFF                                      [100%]
=================================== FAILURES ===================================
_ TestStaleWorkerRunState.test_a_mid_run_takeover_does_not_write_terminal_run_state _
tests/test_worker.py:705: in test_a_mid_run_takeover_does_not_write_terminal_run_state
    assert run.stage == checkpoint["stage"], (
E   AssertionError: a lost lease must not rewrite the run's stage (it became 'failed')
E   assert 'failed' == 'program_verification'
E     
E     - program_verification
E     + failed
---------------------------- Captured stderr setup -----------------------------
INFO  [alembic.runtime.migration] Context impl SQLiteImpl.
INFO  [alembic.runtime.migration] Will assume non-transactional DDL.
INFO  [alembic.runtime.migration] Running upgrade  -> bb9a7d0ed5c3, Initial schema.
INFO  [alembic.runtime.migration] Running upgrade bb9a7d0ed5c3 -> c3a1f4e9b2d7, authentication, organizations and tenant-scoped applicant cases
INFO  [alembic.runtime.migration] Running upgrade c3a1f4e9b2d7 -> e2f7a41c9b83, client request key on research runs, so a replayed start returns its run
INFO  [alembic.runtime.migration] Running upgrade e2f7a41c9b83 -> f13b9c5d2a44, when a run's evidence next ages out
INFO  [alembic.runtime.migration] Running upgrade f13b9c5d2a44 -> a7c4e1f80b52, password reset tokens and a recorded email-verification flag
INFO  [alembic.runtime.migration] Running upgrade a7c4e1f80b52 -> b8d2f6c103ae, diagnostics that are unknowns, kept apart from failures
INFO  [alembic.runtime.migration] Running upgrade b8d2f6c103ae -> c9e05a71f4d8, JSON columns become JSONB on PostgreSQL
INFO  [alembic.runtime.migration] Running upgrade c9e05a71f4d8 -> e7c4a91b6f20, social module: applicant profiles, posts, tags and threads
INFO  [alembic.runtime.migration] Running upgrade e7c4a91b6f20 -> a4d1c7e58b92, which portfolio bucket a result landed in
INFO  [alembic.runtime.migration] Running upgrade a4d1c7e58b92 -> f2a8c17d9e04, private conversations, and who may start one
INFO  [alembic.runtime.migration] Running upgrade f2a8c17d9e04 -> a4d61c8e73b2, blocking, and a queue for what a person reports
INFO  [alembic.runtime.migration] Running upgrade a4d61c8e73b2 -> c8f3b0d47a19, avatars, stored and served by us
INFO  [alembic.runtime.migration] Running upgrade c8f3b0d47a19 -> d4b2c8f17a90, Orders, payment events, entitlements, and the tier a run was allowed.
INFO  [alembic.runtime.migration] Running upgrade d4b2c8f17a90 -> e7c1a4d90b52, School subscriptions, and the retirement of the org-wide entitlement.
_ TestCheckpointKeepsPendingCounters.test_pending_counter_increments_survive_a_checkpoint _
tests/test_worker.py:765: in test_pending_counter_increments_survive_a_checkpoint
    assert run.pages_checked == 7, "the checkpoint discarded pending increments"
E   AssertionError: the checkpoint discarded pending increments
E   assert 0 == 7
E    +  where 0 = <app.models.research.ResearchRun object at 0x10af501a0>.pages_checked
---------------------------- Captured stderr setup -----------------------------
INFO  [alembic.runtime.migration] Context impl SQLiteImpl.
INFO  [alembic.runtime.migration] Will assume non-transactional DDL.
INFO  [alembic.runtime.migration] Running upgrade  -> bb9a7d0ed5c3, Initial schema.
INFO  [alembic.runtime.migration] Running upgrade bb9a7d0ed5c3 -> c3a1f4e9b2d7, authentication, organizations and tenant-scoped applicant cases
INFO  [alembic.runtime.migration] Running upgrade c3a1f4e9b2d7 -> e2f7a41c9b83, client request key on research runs, so a replayed start returns its run
INFO  [alembic.runtime.migration] Running upgrade e2f7a41c9b83 -> f13b9c5d2a44, when a run's evidence next ages out
INFO  [alembic.runtime.migration] Running upgrade f13b9c5d2a44 -> a7c4e1f80b52, password reset tokens and a recorded email-verification flag
INFO  [alembic.runtime.migration] Running upgrade a7c4e1f80b52 -> b8d2f6c103ae, diagnostics that are unknowns, kept apart from failures
INFO  [alembic.runtime.migration] Running upgrade b8d2f6c103ae -> c9e05a71f4d8, JSON columns become JSONB on PostgreSQL
INFO  [alembic.runtime.migration] Running upgrade c9e05a71f4d8 -> e7c4a91b6f20, social module: applicant profiles, posts, tags and threads
INFO  [alembic.runtime.migration] Running upgrade e7c4a91b6f20 -> a4d1c7e58b92, which portfolio bucket a result landed in
INFO  [alembic.runtime.migration] Running upgrade a4d1c7e58b92 -> f2a8c17d9e04, private conversations, and who may start one
INFO  [alembic.runtime.migration] Running upgrade f2a8c17d9e04 -> a4d61c8e73b2, blocking, and a queue for what a person reports
INFO  [alembic.runtime.migration] Running upgrade a4d61c8e73b2 -> c8f3b0d47a19, avatars, stored and served by us
INFO  [alembic.runtime.migration] Running upgrade c8f3b0d47a19 -> d4b2c8f17a90, Orders, payment events, entitlements, and the tier a run was allowed.
INFO  [alembic.runtime.migration] Running upgrade d4b2c8f17a90 -> e7c1a4d90b52, School subscriptions, and the retirement of the org-wide entitlement.
_ TestFencedWritesTwoSessionPostgreSQL.test_same_worker_reclaim_fences_the_first_attempt _
tests/test_worker.py:813: in test_same_worker_reclaim_fences_the_first_attempt
    assert store1.complete(job_id, lease_token=t1) is False
           ^^^^^^^^^^^^^^^^^^^^^^^^^^^^^^^^^^^^^^^
E   TypeError: JobStore.complete() got an unexpected keyword argument 'lease_token'
---------------------------- Captured stderr setup -----------------------------
INFO  [alembic.runtime.migration] Context impl PostgresqlImpl.
INFO  [alembic.runtime.migration] Will assume transactional DDL.
INFO  [alembic.runtime.migration] Running upgrade  -> bb9a7d0ed5c3, Initial schema.
INFO  [alembic.runtime.migration] Running upgrade bb9a7d0ed5c3 -> c3a1f4e9b2d7, authentication, organizations and tenant-scoped applicant cases
INFO  [alembic.runtime.migration] Running upgrade c3a1f4e9b2d7 -> e2f7a41c9b83, client request key on research runs, so a replayed start returns its run
INFO  [alembic.runtime.migration] Running upgrade e2f7a41c9b83 -> f13b9c5d2a44, when a run's evidence next ages out
INFO  [alembic.runtime.migration] Running upgrade f13b9c5d2a44 -> a7c4e1f80b52, password reset tokens and a recorded email-verification flag
INFO  [alembic.runtime.migration] Running upgrade a7c4e1f80b52 -> b8d2f6c103ae, diagnostics that are unknowns, kept apart from failures
INFO  [alembic.runtime.migration] Running upgrade b8d2f6c103ae -> c9e05a71f4d8, JSON columns become JSONB on PostgreSQL
INFO  [alembic.runtime.migration] Running upgrade c9e05a71f4d8 -> e7c4a91b6f20, social module: applicant profiles, posts, tags and threads
INFO  [alembic.runtime.migration] Running upgrade e7c4a91b6f20 -> a4d1c7e58b92, which portfolio bucket a result landed in
INFO  [alembic.runtime.migration] Running upgrade a4d1c7e58b92 -> f2a8c17d9e04, private conversations, and who may start one
INFO  [alembic.runtime.migration] Running upgrade f2a8c17d9e04 -> a4d61c8e73b2, blocking, and a queue for what a person reports
INFO  [alembic.runtime.migration] Running upgrade a4d61c8e73b2 -> c8f3b0d47a19, avatars, stored and served by us
INFO  [alembic.runtime.migration] Running upgrade c8f3b0d47a19 -> d4b2c8f17a90, Orders, payment events, entitlements, and the tier a run was allowed.
INFO  [alembic.runtime.migration] Running upgrade d4b2c8f17a90 -> e7c1a4d90b52, School subscriptions, and the retirement of the org-wide entitlement.
_ TestFencedWritesTwoSessionPostgreSQL.test_a_takeover_leaves_the_outcome_to_the_new_owner _
tests/test_worker.py:856: in test_a_takeover_leaves_the_outcome_to_the_new_owner
    assert JobStore(s1, worker_id="worker-a").complete(job_id, lease_token=t1) is False
           ^^^^^^^^^^^^^^^^^^^^^^^^^^^^^^^^^^^^^^^^^^^^^^^^^^^^^^^^^^^^^^^^^^^
E   TypeError: JobStore.complete() got an unexpected keyword argument 'lease_token'
---------------------------- Captured stderr setup -----------------------------
INFO  [alembic.runtime.migration] Context impl PostgresqlImpl.
INFO  [alembic.runtime.migration] Will assume transactional DDL.
INFO  [alembic.runtime.migration] Running upgrade  -> bb9a7d0ed5c3, Initial schema.
INFO  [alembic.runtime.migration] Running upgrade bb9a7d0ed5c3 -> c3a1f4e9b2d7, authentication, organizations and tenant-scoped applicant cases
INFO  [alembic.runtime.migration] Running upgrade c3a1f4e9b2d7 -> e2f7a41c9b83, client request key on research runs, so a replayed start returns its run
INFO  [alembic.runtime.migration] Running upgrade e2f7a41c9b83 -> f13b9c5d2a44, when a run's evidence next ages out
INFO  [alembic.runtime.migration] Running upgrade f13b9c5d2a44 -> a7c4e1f80b52, password reset tokens and a recorded email-verification flag
INFO  [alembic.runtime.migration] Running upgrade a7c4e1f80b52 -> b8d2f6c103ae, diagnostics that are unknowns, kept apart from failures
INFO  [alembic.runtime.migration] Running upgrade b8d2f6c103ae -> c9e05a71f4d8, JSON columns become JSONB on PostgreSQL
INFO  [alembic.runtime.migration] Running upgrade c9e05a71f4d8 -> e7c4a91b6f20, social module: applicant profiles, posts, tags and threads
INFO  [alembic.runtime.migration] Running upgrade e7c4a91b6f20 -> a4d1c7e58b92, which portfolio bucket a result landed in
INFO  [alembic.runtime.migration] Running upgrade a4d1c7e58b92 -> f2a8c17d9e04, private conversations, and who may start one
INFO  [alembic.runtime.migration] Running upgrade f2a8c17d9e04 -> a4d61c8e73b2, blocking, and a queue for what a person reports
INFO  [alembic.runtime.migration] Running upgrade a4d61c8e73b2 -> c8f3b0d47a19, avatars, stored and served by us
INFO  [alembic.runtime.migration] Running upgrade c8f3b0d47a19 -> d4b2c8f17a90, Orders, payment events, entitlements, and the tier a run was allowed.
INFO  [alembic.runtime.migration] Running upgrade d4b2c8f17a90 -> e7c1a4d90b52, School subscriptions, and the retirement of the org-wide entitlement.
_ TestFencedWritesTwoSessionPostgreSQL.test_a_renewed_lease_survives_the_reaper _
tests/test_worker.py:892: in test_a_renewed_lease_survives_the_reaper
    assert store1.heartbeat(job_id, lease_token=job1.attempts) is True
           ^^^^^^^^^^^^^^^^^^^^^^^^^^^^^^^^^^^^^^^^^^^^^^^^^^^
E   TypeError: JobStore.heartbeat() got an unexpected keyword argument 'lease_token'
---------------------------- Captured stderr setup -----------------------------
INFO  [alembic.runtime.migration] Context impl PostgresqlImpl.
INFO  [alembic.runtime.migration] Will assume transactional DDL.
INFO  [alembic.runtime.migration] Running upgrade  -> bb9a7d0ed5c3, Initial schema.
INFO  [alembic.runtime.migration] Running upgrade bb9a7d0ed5c3 -> c3a1f4e9b2d7, authentication, organizations and tenant-scoped applicant cases
INFO  [alembic.runtime.migration] Running upgrade c3a1f4e9b2d7 -> e2f7a41c9b83, client request key on research runs, so a replayed start returns its run
INFO  [alembic.runtime.migration] Running upgrade e2f7a41c9b83 -> f13b9c5d2a44, when a run's evidence next ages out
INFO  [alembic.runtime.migration] Running upgrade f13b9c5d2a44 -> a7c4e1f80b52, password reset tokens and a recorded email-verification flag
INFO  [alembic.runtime.migration] Running upgrade a7c4e1f80b52 -> b8d2f6c103ae, diagnostics that are unknowns, kept apart from failures
INFO  [alembic.runtime.migration] Running upgrade b8d2f6c103ae -> c9e05a71f4d8, JSON columns become JSONB on PostgreSQL
INFO  [alembic.runtime.migration] Running upgrade c9e05a71f4d8 -> e7c4a91b6f20, social module: applicant profiles, posts, tags and threads
INFO  [alembic.runtime.migration] Running upgrade e7c4a91b6f20 -> a4d1c7e58b92, which portfolio bucket a result landed in
INFO  [alembic.runtime.migration] Running upgrade a4d1c7e58b92 -> f2a8c17d9e04, private conversations, and who may start one
INFO  [alembic.runtime.migration] Running upgrade f2a8c17d9e04 -> a4d61c8e73b2, blocking, and a queue for what a person reports
INFO  [alembic.runtime.migration] Running upgrade a4d61c8e73b2 -> c8f3b0d47a19, avatars, stored and served by us
INFO  [alembic.runtime.migration] Running upgrade c8f3b0d47a19 -> d4b2c8f17a90, Orders, payment events, entitlements, and the tier a run was allowed.
INFO  [alembic.runtime.migration] Running upgrade d4b2c8f17a90 -> e7c1a4d90b52, School subscriptions, and the retirement of the org-wide entitlement.
_ TestFencedWritesTwoSessionPostgreSQL.test_a_finished_reap_refuses_the_dead_worker_s_heartbeat _
tests/test_worker.py:933: in test_a_finished_reap_refuses_the_dead_worker_s_heartbeat
    assert store1.heartbeat(job_id, lease_token=t1) is False
           ^^^^^^^^^^^^^^^^^^^^^^^^^^^^^^^^^^^^^^^^
E   TypeError: JobStore.heartbeat() got an unexpected keyword argument 'lease_token'
---------------------------- Captured stderr setup -----------------------------
INFO  [alembic.runtime.migration] Context impl PostgresqlImpl.
INFO  [alembic.runtime.migration] Will assume transactional DDL.
INFO  [alembic.runtime.migration] Running upgrade  -> bb9a7d0ed5c3, Initial schema.
INFO  [alembic.runtime.migration] Running upgrade bb9a7d0ed5c3 -> c3a1f4e9b2d7, authentication, organizations and tenant-scoped applicant cases
INFO  [alembic.runtime.migration] Running upgrade c3a1f4e9b2d7 -> e2f7a41c9b83, client request key on research runs, so a replayed start returns its run
INFO  [alembic.runtime.migration] Running upgrade e2f7a41c9b83 -> f13b9c5d2a44, when a run's evidence next ages out
INFO  [alembic.runtime.migration] Running upgrade f13b9c5d2a44 -> a7c4e1f80b52, password reset tokens and a recorded email-verification flag
INFO  [alembic.runtime.migration] Running upgrade a7c4e1f80b52 -> b8d2f6c103ae, diagnostics that are unknowns, kept apart from failures
INFO  [alembic.runtime.migration] Running upgrade b8d2f6c103ae -> c9e05a71f4d8, JSON columns become JSONB on PostgreSQL
INFO  [alembic.runtime.migration] Running upgrade c9e05a71f4d8 -> e7c4a91b6f20, social module: applicant profiles, posts, tags and threads
INFO  [alembic.runtime.migration] Running upgrade e7c4a91b6f20 -> a4d1c7e58b92, which portfolio bucket a result landed in
INFO  [alembic.runtime.migration] Running upgrade a4d1c7e58b92 -> f2a8c17d9e04, private conversations, and who may start one
INFO  [alembic.runtime.migration] Running upgrade f2a8c17d9e04 -> a4d61c8e73b2, blocking, and a queue for what a person reports
INFO  [alembic.runtime.migration] Running upgrade a4d61c8e73b2 -> c8f3b0d47a19, avatars, stored and served by us
INFO  [alembic.runtime.migration] Running upgrade c8f3b0d47a19 -> d4b2c8f17a90, Orders, payment events, entitlements, and the tier a run was allowed.
INFO  [alembic.runtime.migration] Running upgrade d4b2c8f17a90 -> e7c1a4d90b52, School subscriptions, and the retirement of the org-wide entitlement.
_ TestFencedWritesTwoSessionPostgreSQL.test_fenced_terminal_writes_change_nothing _
tests/test_worker.py:964: in test_fenced_terminal_writes_change_nothing
    assert JobStore(s1, worker_id="worker-a").complete(job_id, lease_token=t1) is False
           ^^^^^^^^^^^^^^^^^^^^^^^^^^^^^^^^^^^^^^^^^^^^^^^^^^^^^^^^^^^^^^^^^^^
E   TypeError: JobStore.complete() got an unexpected keyword argument 'lease_token'
---------------------------- Captured stderr setup -----------------------------
INFO  [alembic.runtime.migration] Context impl PostgresqlImpl.
INFO  [alembic.runtime.migration] Will assume transactional DDL.
INFO  [alembic.runtime.migration] Running upgrade  -> bb9a7d0ed5c3, Initial schema.
INFO  [alembic.runtime.migration] Running upgrade bb9a7d0ed5c3 -> c3a1f4e9b2d7, authentication, organizations and tenant-scoped applicant cases
INFO  [alembic.runtime.migration] Running upgrade c3a1f4e9b2d7 -> e2f7a41c9b83, client request key on research runs, so a replayed start returns its run
INFO  [alembic.runtime.migration] Running upgrade e2f7a41c9b83 -> f13b9c5d2a44, when a run's evidence next ages out
INFO  [alembic.runtime.migration] Running upgrade f13b9c5d2a44 -> a7c4e1f80b52, password reset tokens and a recorded email-verification flag
INFO  [alembic.runtime.migration] Running upgrade a7c4e1f80b52 -> b8d2f6c103ae, diagnostics that are unknowns, kept apart from failures
INFO  [alembic.runtime.migration] Running upgrade b8d2f6c103ae -> c9e05a71f4d8, JSON columns become JSONB on PostgreSQL
INFO  [alembic.runtime.migration] Running upgrade c9e05a71f4d8 -> e7c4a91b6f20, social module: applicant profiles, posts, tags and threads
INFO  [alembic.runtime.migration] Running upgrade e7c4a91b6f20 -> a4d1c7e58b92, which portfolio bucket a result landed in
INFO  [alembic.runtime.migration] Running upgrade a4d1c7e58b92 -> f2a8c17d9e04, private conversations, and who may start one
INFO  [alembic.runtime.migration] Running upgrade f2a8c17d9e04 -> a4d61c8e73b2, blocking, and a queue for what a person reports
INFO  [alembic.runtime.migration] Running upgrade a4d61c8e73b2 -> c8f3b0d47a19, avatars, stored and served by us
INFO  [alembic.runtime.migration] Running upgrade c8f3b0d47a19 -> d4b2c8f17a90, Orders, payment events, entitlements, and the tier a run was allowed.
INFO  [alembic.runtime.migration] Running upgrade d4b2c8f17a90 -> e7c1a4d90b52, School subscriptions, and the retirement of the org-wide entitlement.
____ TestStaleDispatchCommit.test_a_stale_worker_writes_no_completion_audit ____
tests/test_worker.py:1038: in test_a_stale_worker_writes_no_completion_audit
    assert audits == 0, "the stale worker must not record job_completed"
E   AssertionError: the stale worker must not record job_completed
E   assert 1 == 0
---------------------------- Captured stderr setup -----------------------------
INFO  [alembic.runtime.migration] Context impl PostgresqlImpl.
INFO  [alembic.runtime.migration] Will assume transactional DDL.
INFO  [alembic.runtime.migration] Running upgrade  -> bb9a7d0ed5c3, Initial schema.
INFO  [alembic.runtime.migration] Running upgrade bb9a7d0ed5c3 -> c3a1f4e9b2d7, authentication, organizations and tenant-scoped applicant cases
INFO  [alembic.runtime.migration] Running upgrade c3a1f4e9b2d7 -> e2f7a41c9b83, client request key on research runs, so a replayed start returns its run
INFO  [alembic.runtime.migration] Running upgrade e2f7a41c9b83 -> f13b9c5d2a44, when a run's evidence next ages out
INFO  [alembic.runtime.migration] Running upgrade f13b9c5d2a44 -> a7c4e1f80b52, password reset tokens and a recorded email-verification flag
INFO  [alembic.runtime.migration] Running upgrade a7c4e1f80b52 -> b8d2f6c103ae, diagnostics that are unknowns, kept apart from failures
INFO  [alembic.runtime.migration] Running upgrade b8d2f6c103ae -> c9e05a71f4d8, JSON columns become JSONB on PostgreSQL
INFO  [alembic.runtime.migration] Running upgrade c9e05a71f4d8 -> e7c4a91b6f20, social module: applicant profiles, posts, tags and threads
INFO  [alembic.runtime.migration] Running upgrade e7c4a91b6f20 -> a4d1c7e58b92, which portfolio bucket a result landed in
INFO  [alembic.runtime.migration] Running upgrade a4d1c7e58b92 -> f2a8c17d9e04, private conversations, and who may start one
INFO  [alembic.runtime.migration] Running upgrade f2a8c17d9e04 -> a4d61c8e73b2, blocking, and a queue for what a person reports
INFO  [alembic.runtime.migration] Running upgrade a4d61c8e73b2 -> c8f3b0d47a19, avatars, stored and served by us
INFO  [alembic.runtime.migration] Running upgrade c8f3b0d47a19 -> d4b2c8f17a90, Orders, payment events, entitlements, and the tier a run was allowed.
INFO  [alembic.runtime.migration] Running upgrade d4b2c8f17a90 -> e7c1a4d90b52, School subscriptions, and the retirement of the org-wide entitlement.
=========================== short test summary info ============================
FAILED tests/test_worker.py::TestStaleWorkerRunState::test_a_mid_run_takeover_does_not_write_terminal_run_state
FAILED tests/test_worker.py::TestCheckpointKeepsPendingCounters::test_pending_counter_increments_survive_a_checkpoint
FAILED tests/test_worker.py::TestFencedWritesTwoSessionPostgreSQL::test_same_worker_reclaim_fences_the_first_attempt
FAILED tests/test_worker.py::TestFencedWritesTwoSessionPostgreSQL::test_a_takeover_leaves_the_outcome_to_the_new_owner
FAILED tests/test_worker.py::TestFencedWritesTwoSessionPostgreSQL::test_a_renewed_lease_survives_the_reaper
FAILED tests/test_worker.py::TestFencedWritesTwoSessionPostgreSQL::test_a_finished_reap_refuses_the_dead_worker_s_heartbeat
FAILED tests/test_worker.py::TestFencedWritesTwoSessionPostgreSQL::test_fenced_terminal_writes_change_nothing
FAILED tests/test_worker.py::TestStaleDispatchCommit::test_a_stale_worker_writes_no_completion_audit
