============================= test session starts ==============================
platform darwin -- Python 3.12.13, pytest-9.1.1, pluggy-1.6.0 -- /Users/wpalish/ashyq-worktrees/c1-t01-verify/backend/.venv/bin/python
cachedir: .pytest_cache
rootdir: /Users/wpalish/ashyq-worktrees/c1-t01-verify/backend
configfile: pytest.ini
plugins: respx-0.22.0, cov-6.0.0, asyncio-1.4.0, anyio-4.15.1
asyncio: mode=Mode.AUTO, debug=False, asyncio_default_fixture_loop_scope=None, asyncio_default_test_loop_scope=function
collecting ... collected 52 items

tests/test_account_flows.py::TestPasswordChange::test_changing_the_password_revokes_every_other_session PASSED [  1%]
tests/test_account_flows.py::TestPasswordChange::test_the_current_password_is_required PASSED [  3%]
tests/test_account_flows.py::TestPasswordChange::test_a_short_new_password_is_refused PASSED [  5%]
tests/test_account_flows.py::TestPasswordReset::test_a_reset_link_gets_the_account_back PASSED [  7%]
tests/test_account_flows.py::TestPasswordReset::test_a_token_works_once PASSED [  9%]
tests/test_account_flows.py::TestPasswordReset::test_an_expired_token_is_refused PASSED [ 11%]
tests/test_account_flows.py::TestPasswordReset::test_someone_elses_token_is_just_a_token PASSED [ 13%]
tests/test_account_flows.py::TestPasswordReset::test_a_reset_ends_every_existing_session PASSED [ 15%]
tests/test_account_flows.py::TestPasswordReset::test_an_unknown_address_gets_the_same_answer PASSED [ 17%]
tests/test_account_flows.py::TestPasswordReset::test_production_never_returns_the_link_in_the_response PASSED [ 19%]
tests/test_account_flows.py::TestResetTokenNeverLeavesTheMailbox::test_no_environment_puts_the_token_in_the_response[development] PASSED [ 21%]
tests/test_account_flows.py::TestResetTokenNeverLeavesTheMailbox::test_no_environment_puts_the_token_in_the_response[staging] PASSED [ 23%]
tests/test_account_flows.py::TestResetTokenNeverLeavesTheMailbox::test_no_environment_puts_the_token_in_the_response[production] PASSED [ 25%]
tests/test_account_flows.py::TestResetTokenNeverLeavesTheMailbox::test_no_environment_puts_the_token_in_the_response[testing] PASSED [ 26%]
tests/test_account_flows.py::TestResetTokenNeverLeavesTheMailbox::test_the_letter_delivers_a_working_token PASSED [ 28%]
tests/test_account_flows.py::TestResetTokenNeverLeavesTheMailbox::test_a_stranger_gets_no_token_in_the_answer PASSED [ 30%]
tests/test_account_flows.py::TestResetTokenNeverLeavesTheMailbox::test_every_address_shape_gets_the_same_neutral_answer PASSED [ 32%]
tests/test_account_flows.py::TestResetTokenNeverLeavesTheMailbox::test_a_token_from_the_letter_works_exactly_once PASSED [ 34%]
tests/test_account_flows.py::TestResetTokenNeverLeavesTheMailbox::test_an_expired_letter_is_refused PASSED [ 36%]
tests/test_account_flows.py::TestResetTokenNeverLeavesTheMailbox::test_a_reset_from_the_letter_ends_every_existing_session PASSED [ 38%]
tests/test_account_flows.py::TestWorkspaceSwitching::test_the_current_workspace_is_listed_and_switchable PASSED [ 40%]
tests/test_account_flows.py::TestWorkspaceSwitching::test_switching_changes_which_cases_are_visible PASSED [ 42%]
tests/test_account_flows.py::TestWorkspaceSwitching::test_a_workspace_the_user_is_not_in_is_not_even_confirmed PASSED [ 44%]
tests/test_account_flows.py::TestAccountDeletion::test_deleting_an_account_takes_its_workspace_and_cases_with_it PASSED [ 46%]
tests/test_account_flows.py::TestAccountDeletion::test_the_password_is_required_to_delete PASSED [ 48%]
tests/test_account_flows.py::TestAccountDeletion::test_a_shared_workspace_survives_one_member_leaving PASSED [ 50%]
tests/test_account_flows.py::TestSessionHygiene::test_sessions_are_capped_and_the_oldest_goes_first PASSED [ 51%]
tests/test_account_flows.py::TestSessionHygiene::test_an_expired_session_is_cleaned_up_on_the_next_login PASSED [ 53%]
tests/test_account_flows.py::TestPasswordHashing::test_a_new_hash_uses_the_configured_cost PASSED [ 55%]
tests/test_account_flows.py::TestPasswordHashing::test_an_old_weaker_hash_still_verifies PASSED [ 57%]
tests/test_security.py::TestAuthentication::test_private_routes_require_a_session PASSED [ 59%]
tests/test_security.py::TestAuthentication::test_registration_uses_an_opaque_httponly_cookie PASSED [ 61%]
tests/test_security.py::TestAuthentication::test_passwords_are_not_stored_verbatim PASSED [ 63%]
tests/test_security.py::TestTenantIsolation::test_every_case_and_run_endpoint_hides_another_tenants_ids PASSED [ 65%]
tests/test_security.py::TestTenantIsolation::test_another_tenant_cannot_read_or_decide_a_result_row PASSED [ 67%]
tests/test_security.py::TestAbuseLimits::test_two_clients_behind_one_proxy_get_their_own_budget PASSED [ 69%]
tests/test_security.py::TestAbuseLimits::test_an_email_cannot_be_pounded_from_a_fresh_address_each_time PASSED [ 71%]
tests/test_security.py::TestAbuseLimits::test_an_unknown_email_costs_the_same_work_as_a_known_one PASSED [ 73%]
tests/test_security.py::TestResetRequestSafety::test_staging_gets_the_same_silent_answer_as_production PASSED [ 75%]
tests/test_security.py::TestResetRequestSafety::test_reset_requests_for_one_email_hit_the_per_email_limit PASSED [ 76%]
tests/test_security.py::TestRequestSecurity::test_security_headers_are_on_success_and_error_responses PASSED [ 78%]
tests/test_security.py::TestRequestSecurity::test_cross_site_mutation_is_refused PASSED [ 80%]
tests/test_security.py::TestRequestSecurity::test_auth_rate_limit_returns_retry_after_and_security_headers PASSED [ 82%]
tests/test_security.py::TestRequestSecurity::test_openapi_marks_tenant_routes_as_cookie_secured PASSED [ 84%]
tests/test_security.py::test_production_refuses_to_start_without_authentication PASSED [ 86%]
tests/test_security.py::test_production_refuses_other_unsafe_defaults[overrides0-COOKIE_SECURE] PASSED [ 88%]
tests/test_security.py::test_production_refuses_other_unsafe_defaults[overrides1-PostgreSQL] PASSED [ 90%]
tests/test_security.py::test_production_refuses_other_unsafe_defaults[overrides2-HTTPS origins] PASSED [ 92%]
tests/test_security.py::test_production_refuses_other_unsafe_defaults[overrides3-HTTPS origins] PASSED [ 94%]
tests/test_security.py::TestErrorsAndHeaders::test_an_internal_value_error_is_a_500_without_its_text PASSED [ 96%]
tests/test_security.py::TestErrorsAndHeaders::test_a_bad_email_is_still_a_readable_400 PASSED [ 98%]
tests/test_security.py::TestErrorsAndHeaders::test_the_export_filename_cannot_be_injected PASSED [100%]

=============================== warnings summary ===============================
.venv/lib/python3.12/site-packages/fastapi/testclient.py:1
  /Users/wpalish/ashyq-worktrees/c1-t01-verify/backend/.venv/lib/python3.12/site-packages/fastapi/testclient.py:1: StarletteDeprecationWarning: Using `httpx` with `starlette.testclient` is deprecated; install `httpx2` instead.
    from starlette.testclient import TestClient as TestClient  # noqa

-- Docs: https://docs.pytest.org/en/stable/how-to/capture-warnings.html
======================== 52 passed, 1 warning in 12.19s ========================
