..........FF.FFFF.....................F.............                     [100%]
=================================== FAILURES ===================================
_ TestResetTokenNeverLeavesTheMailbox.test_no_environment_puts_the_token_in_the_response[development] _

self = <tests.test_account_flows.TestResetTokenNeverLeavesTheMailbox object at 0x108c3f650>
auth_client = (<starlette.testclient.TestClient object at 0x10b2413a0>, Settings(demo_mode=True, environment='development', auto_mig...SecretStr(''), apipay_timeout_seconds=20.0, case_unlock_price_kzt=4990, free_candidate_limit=5, free_shortlist_rows=5))
monkeypatch = <_pytest.monkeypatch.MonkeyPatch object at 0x10b243b00>
environment = 'development'

    @pytest.mark.parametrize("environment", ["development", "staging", "production", "testing"])
    def test_no_environment_puts_the_token_in_the_response(
        self, auth_client, monkeypatch, environment
    ):
        client, settings = auth_client
        register(client, "envprobe")
        client.post("/api/auth/logout")
        monkeypatch.setattr(settings, "environment", environment)
    
        response = client.post(
            "/api/auth/password/reset-request", json={"email": "envprobe@example.test"}
        )
        assert response.status_code == 202
        body = response.json()
>       assert set(body) == {"detail"}, f"[{environment}] response carried {sorted(body)}"
E       AssertionError: [development] response carried ['detail', 'reset_link']
E       assert {'detail', 'reset_link'} == {'detail'}
E         
E         Extra items in the left set:
E         'reset_link'
E         Use -v to get more diff

tests/test_account_flows.py:324: AssertionError
---------------------------- Captured stderr setup -----------------------------
INFO  [alembic.runtime.migration] Context impl SQLiteImpl.
INFO  [alembic.runtime.migration] Will assume non-transactional DDL.
INFO  [alembic.runtime.migration] Running upgrade  -> bb9a7d0ed5c3, Initial schema.
INFO  [alembic.runtime.migration] Running upgrade bb9a7d0ed5c3 -> c3a1f4e9b2d7, authentication, organizations and tenant-scoped applicant cases
INFO  [alembic.runtime.migration] Running upgrade c3a1f4e9b2d7 -> e2f7a41c9b83, client request key on research runs, so a replayed start returns its run
INFO  [alembic.runtime.migration] Running upgrade e2f7a41c9b83 -> f13b9c5d2a44, when a run's evidence next ages out
INFO  [alembic.runtime.migration] Running upgrade f13b9c5d2a44 -> a7c4e1f80b52, password reset tokens and a recorded email-verification flag
INFO  [alembic.runtime.migration] Running upgrade a7c4e1f80b52 -> b8d2f6c103ae, diagnostics that are unknowns, kept apart from failures
INFO  [alembic.runtime.migration] Running upgrade b8d2f6c103ae -> c9e05a71f4d8, JSON columns become JSONB on PostgreSQL
INFO  [alembic.runtime.migration] Running upgrade c9e05a71f4d8 -> e7c4a91b6f20, social module: applicant profiles, posts, tags and threads
INFO  [alembic.runtime.migration] Running upgrade e7c4a91b6f20 -> a4d1c7e58b92, which portfolio bucket a result landed in
INFO  [alembic.runtime.migration] Running upgrade a4d1c7e58b92 -> f2a8c17d9e04, private conversations, and who may start one
INFO  [alembic.runtime.migration] Running upgrade f2a8c17d9e04 -> a4d61c8e73b2, blocking, and a queue for what a person reports
INFO  [alembic.runtime.migration] Running upgrade a4d61c8e73b2 -> c8f3b0d47a19, avatars, stored and served by us
INFO  [alembic.runtime.migration] Running upgrade c8f3b0d47a19 -> d4b2c8f17a90, Orders, payment events, entitlements, and the tier a run was allowed.
INFO  [alembic.runtime.migration] Running upgrade d4b2c8f17a90 -> e7c1a4d90b52, School subscriptions, and the retirement of the org-wide entitlement.
_ TestResetTokenNeverLeavesTheMailbox.test_no_environment_puts_the_token_in_the_response[staging] _

self = <tests.test_account_flows.TestResetTokenNeverLeavesTheMailbox object at 0x108c3ef90>
auth_client = (<starlette.testclient.TestClient object at 0x10b0cca10>, Settings(demo_mode=True, environment='staging', auto_migrate...SecretStr(''), apipay_timeout_seconds=20.0, case_unlock_price_kzt=4990, free_candidate_limit=5, free_shortlist_rows=5))
monkeypatch = <_pytest.monkeypatch.MonkeyPatch object at 0x10b4a0260>
environment = 'staging'

    @pytest.mark.parametrize("environment", ["development", "staging", "production", "testing"])
    def test_no_environment_puts_the_token_in_the_response(
        self, auth_client, monkeypatch, environment
    ):
        client, settings = auth_client
        register(client, "envprobe")
        client.post("/api/auth/logout")
        monkeypatch.setattr(settings, "environment", environment)
    
        response = client.post(
            "/api/auth/password/reset-request", json={"email": "envprobe@example.test"}
        )
        assert response.status_code == 202
        body = response.json()
>       assert set(body) == {"detail"}, f"[{environment}] response carried {sorted(body)}"
E       AssertionError: [staging] response carried ['detail', 'reset_link']
E       assert {'detail', 'reset_link'} == {'detail'}
E         
E         Extra items in the left set:
E         'reset_link'
E         Use -v to get more diff

tests/test_account_flows.py:324: AssertionError
---------------------------- Captured stderr setup -----------------------------
INFO  [alembic.runtime.migration] Context impl SQLiteImpl.
INFO  [alembic.runtime.migration] Will assume non-transactional DDL.
INFO  [alembic.runtime.migration] Running upgrade  -> bb9a7d0ed5c3, Initial schema.
INFO  [alembic.runtime.migration] Running upgrade bb9a7d0ed5c3 -> c3a1f4e9b2d7, authentication, organizations and tenant-scoped applicant cases
INFO  [alembic.runtime.migration] Running upgrade c3a1f4e9b2d7 -> e2f7a41c9b83, client request key on research runs, so a replayed start returns its run
INFO  [alembic.runtime.migration] Running upgrade e2f7a41c9b83 -> f13b9c5d2a44, when a run's evidence next ages out
INFO  [alembic.runtime.migration] Running upgrade f13b9c5d2a44 -> a7c4e1f80b52, password reset tokens and a recorded email-verification flag
INFO  [alembic.runtime.migration] Running upgrade a7c4e1f80b52 -> b8d2f6c103ae, diagnostics that are unknowns, kept apart from failures
INFO  [alembic.runtime.migration] Running upgrade b8d2f6c103ae -> c9e05a71f4d8, JSON columns become JSONB on PostgreSQL
INFO  [alembic.runtime.migration] Running upgrade c9e05a71f4d8 -> e7c4a91b6f20, social module: applicant profiles, posts, tags and threads
INFO  [alembic.runtime.migration] Running upgrade e7c4a91b6f20 -> a4d1c7e58b92, which portfolio bucket a result landed in
INFO  [alembic.runtime.migration] Running upgrade a4d1c7e58b92 -> f2a8c17d9e04, private conversations, and who may start one
INFO  [alembic.runtime.migration] Running upgrade f2a8c17d9e04 -> a4d61c8e73b2, blocking, and a queue for what a person reports
INFO  [alembic.runtime.migration] Running upgrade a4d61c8e73b2 -> c8f3b0d47a19, avatars, stored and served by us
INFO  [alembic.runtime.migration] Running upgrade c8f3b0d47a19 -> d4b2c8f17a90, Orders, payment events, entitlements, and the tier a run was allowed.
INFO  [alembic.runtime.migration] Running upgrade d4b2c8f17a90 -> e7c1a4d90b52, School subscriptions, and the retirement of the org-wide entitlement.
_ TestResetTokenNeverLeavesTheMailbox.test_no_environment_puts_the_token_in_the_response[testing] _

self = <tests.test_account_flows.TestResetTokenNeverLeavesTheMailbox object at 0x108c3e810>
auth_client = (<starlette.testclient.TestClient object at 0x10b030050>, Settings(demo_mode=True, environment='testing', auto_migrate...SecretStr(''), apipay_timeout_seconds=20.0, case_unlock_price_kzt=4990, free_candidate_limit=5, free_shortlist_rows=5))
monkeypatch = <_pytest.monkeypatch.MonkeyPatch object at 0x10b56fad0>
environment = 'testing'

    @pytest.mark.parametrize("environment", ["development", "staging", "production", "testing"])
    def test_no_environment_puts_the_token_in_the_response(
        self, auth_client, monkeypatch, environment
    ):
        client, settings = auth_client
        register(client, "envprobe")
        client.post("/api/auth/logout")
        monkeypatch.setattr(settings, "environment", environment)
    
        response = client.post(
            "/api/auth/password/reset-request", json={"email": "envprobe@example.test"}
        )
        assert response.status_code == 202
        body = response.json()
>       assert set(body) == {"detail"}, f"[{environment}] response carried {sorted(body)}"
E       AssertionError: [testing] response carried ['detail', 'reset_link']
E       assert {'detail', 'reset_link'} == {'detail'}
E         
E         Extra items in the left set:
E         'reset_link'
E         Use -v to get more diff

tests/test_account_flows.py:324: AssertionError
---------------------------- Captured stderr setup -----------------------------
INFO  [alembic.runtime.migration] Context impl SQLiteImpl.
INFO  [alembic.runtime.migration] Will assume non-transactional DDL.
INFO  [alembic.runtime.migration] Running upgrade  -> bb9a7d0ed5c3, Initial schema.
INFO  [alembic.runtime.migration] Running upgrade bb9a7d0ed5c3 -> c3a1f4e9b2d7, authentication, organizations and tenant-scoped applicant cases
INFO  [alembic.runtime.migration] Running upgrade c3a1f4e9b2d7 -> e2f7a41c9b83, client request key on research runs, so a replayed start returns its run
INFO  [alembic.runtime.migration] Running upgrade e2f7a41c9b83 -> f13b9c5d2a44, when a run's evidence next ages out
INFO  [alembic.runtime.migration] Running upgrade f13b9c5d2a44 -> a7c4e1f80b52, password reset tokens and a recorded email-verification flag
INFO  [alembic.runtime.migration] Running upgrade a7c4e1f80b52 -> b8d2f6c103ae, diagnostics that are unknowns, kept apart from failures
INFO  [alembic.runtime.migration] Running upgrade b8d2f6c103ae -> c9e05a71f4d8, JSON columns become JSONB on PostgreSQL
INFO  [alembic.runtime.migration] Running upgrade c9e05a71f4d8 -> e7c4a91b6f20, social module: applicant profiles, posts, tags and threads
INFO  [alembic.runtime.migration] Running upgrade e7c4a91b6f20 -> a4d1c7e58b92, which portfolio bucket a result landed in
INFO  [alembic.runtime.migration] Running upgrade a4d1c7e58b92 -> f2a8c17d9e04, private conversations, and who may start one
INFO  [alembic.runtime.migration] Running upgrade f2a8c17d9e04 -> a4d61c8e73b2, blocking, and a queue for what a person reports
INFO  [alembic.runtime.migration] Running upgrade a4d61c8e73b2 -> c8f3b0d47a19, avatars, stored and served by us
INFO  [alembic.runtime.migration] Running upgrade c8f3b0d47a19 -> d4b2c8f17a90, Orders, payment events, entitlements, and the tier a run was allowed.
INFO  [alembic.runtime.migration] Running upgrade d4b2c8f17a90 -> e7c1a4d90b52, School subscriptions, and the retirement of the org-wide entitlement.
_ TestResetTokenNeverLeavesTheMailbox.test_the_letter_delivers_a_working_token _

self = <tests.test_account_flows.TestResetTokenNeverLeavesTheMailbox object at 0x108c64b30>
mail_sink = (<starlette.testclient.TestClient object at 0x10a8616a0>, Settings(demo_mode=True, environment='development', auto_mig...4990, free_candidate_limit=5, free_shortlist_rows=5), <tests.test_account_flows.RecordingSender object at 0x10a862840>)

    def test_the_letter_delivers_a_working_token(self, mail_sink):
        """The owner, with the mailbox, can complete the reset."""
        client, _, sink = mail_sink
        register(client, "mailbox")
        client.post("/api/auth/logout")
    
        response = client.post(
            "/api/auth/password/reset-request", json={"email": "mailbox@example.test"}
        )
        assert response.status_code == 202
>       assert set(response.json()) == {"detail"}, "even success keeps the answer neutral"
E       AssertionError: even success keeps the answer neutral
E       assert {'detail', 'reset_link'} == {'detail'}
E         
E         Extra items in the left set:
E         'reset_link'
E         Use -v to get more diff

tests/test_account_flows.py:338: AssertionError
---------------------------- Captured stderr setup -----------------------------
INFO  [alembic.runtime.migration] Context impl SQLiteImpl.
INFO  [alembic.runtime.migration] Will assume non-transactional DDL.
INFO  [alembic.runtime.migration] Running upgrade  -> bb9a7d0ed5c3, Initial schema.
INFO  [alembic.runtime.migration] Running upgrade bb9a7d0ed5c3 -> c3a1f4e9b2d7, authentication, organizations and tenant-scoped applicant cases
INFO  [alembic.runtime.migration] Running upgrade c3a1f4e9b2d7 -> e2f7a41c9b83, client request key on research runs, so a replayed start returns its run
INFO  [alembic.runtime.migration] Running upgrade e2f7a41c9b83 -> f13b9c5d2a44, when a run's evidence next ages out
INFO  [alembic.runtime.migration] Running upgrade f13b9c5d2a44 -> a7c4e1f80b52, password reset tokens and a recorded email-verification flag
INFO  [alembic.runtime.migration] Running upgrade a7c4e1f80b52 -> b8d2f6c103ae, diagnostics that are unknowns, kept apart from failures
INFO  [alembic.runtime.migration] Running upgrade b8d2f6c103ae -> c9e05a71f4d8, JSON columns become JSONB on PostgreSQL
INFO  [alembic.runtime.migration] Running upgrade c9e05a71f4d8 -> e7c4a91b6f20, social module: applicant profiles, posts, tags and threads
INFO  [alembic.runtime.migration] Running upgrade e7c4a91b6f20 -> a4d1c7e58b92, which portfolio bucket a result landed in
INFO  [alembic.runtime.migration] Running upgrade a4d1c7e58b92 -> f2a8c17d9e04, private conversations, and who may start one
INFO  [alembic.runtime.migration] Running upgrade f2a8c17d9e04 -> a4d61c8e73b2, blocking, and a queue for what a person reports
INFO  [alembic.runtime.migration] Running upgrade a4d61c8e73b2 -> c8f3b0d47a19, avatars, stored and served by us
INFO  [alembic.runtime.migration] Running upgrade c8f3b0d47a19 -> d4b2c8f17a90, Orders, payment events, entitlements, and the tier a run was allowed.
INFO  [alembic.runtime.migration] Running upgrade d4b2c8f17a90 -> e7c1a4d90b52, School subscriptions, and the retirement of the org-wide entitlement.
_ TestResetTokenNeverLeavesTheMailbox.test_a_stranger_gets_no_token_in_the_answer _

self = <tests.test_account_flows.TestResetTokenNeverLeavesTheMailbox object at 0x108c64e30>
mail_sink = (<starlette.testclient.TestClient object at 0x10b1b2450>, Settings(demo_mode=True, environment='development', auto_mig...4990, free_candidate_limit=5, free_shortlist_rows=5), <tests.test_account_flows.RecordingSender object at 0x10b32ddc0>)

    def test_a_stranger_gets_no_token_in_the_answer(self, mail_sink):
        """A signed-out stranger asking for the victim's reset sees nothing."""
        client, _, sink = mail_sink
        register(client, "victim")
    
        stranger = TestClient(client.app)
        response = stranger.post(
            "/api/auth/password/reset-request", json={"email": "victim@example.test"}
        )
        assert response.status_code == 202
>       assert set(response.json()) == {"detail"}
E       AssertionError: assert {'detail', 'reset_link'} == {'detail'}
E         
E         Extra items in the left set:
E         'reset_link'
E         Use -v to get more diff

tests/test_account_flows.py:361: AssertionError
---------------------------- Captured stderr setup -----------------------------
INFO  [alembic.runtime.migration] Context impl SQLiteImpl.
INFO  [alembic.runtime.migration] Will assume non-transactional DDL.
INFO  [alembic.runtime.migration] Running upgrade  -> bb9a7d0ed5c3, Initial schema.
INFO  [alembic.runtime.migration] Running upgrade bb9a7d0ed5c3 -> c3a1f4e9b2d7, authentication, organizations and tenant-scoped applicant cases
INFO  [alembic.runtime.migration] Running upgrade c3a1f4e9b2d7 -> e2f7a41c9b83, client request key on research runs, so a replayed start returns its run
INFO  [alembic.runtime.migration] Running upgrade e2f7a41c9b83 -> f13b9c5d2a44, when a run's evidence next ages out
INFO  [alembic.runtime.migration] Running upgrade f13b9c5d2a44 -> a7c4e1f80b52, password reset tokens and a recorded email-verification flag
INFO  [alembic.runtime.migration] Running upgrade a7c4e1f80b52 -> b8d2f6c103ae, diagnostics that are unknowns, kept apart from failures
INFO  [alembic.runtime.migration] Running upgrade b8d2f6c103ae -> c9e05a71f4d8, JSON columns become JSONB on PostgreSQL
INFO  [alembic.runtime.migration] Running upgrade c9e05a71f4d8 -> e7c4a91b6f20, social module: applicant profiles, posts, tags and threads
INFO  [alembic.runtime.migration] Running upgrade e7c4a91b6f20 -> a4d1c7e58b92, which portfolio bucket a result landed in
INFO  [alembic.runtime.migration] Running upgrade a4d1c7e58b92 -> f2a8c17d9e04, private conversations, and who may start one
INFO  [alembic.runtime.migration] Running upgrade f2a8c17d9e04 -> a4d61c8e73b2, blocking, and a queue for what a person reports
INFO  [alembic.runtime.migration] Running upgrade a4d61c8e73b2 -> c8f3b0d47a19, avatars, stored and served by us
INFO  [alembic.runtime.migration] Running upgrade c8f3b0d47a19 -> d4b2c8f17a90, Orders, payment events, entitlements, and the tier a run was allowed.
INFO  [alembic.runtime.migration] Running upgrade d4b2c8f17a90 -> e7c1a4d90b52, School subscriptions, and the retirement of the org-wide entitlement.
_ TestResetTokenNeverLeavesTheMailbox.test_every_address_shape_gets_the_same_neutral_answer _

self = <tests.test_account_flows.TestResetTokenNeverLeavesTheMailbox object at 0x108c65250>
mail_sink = (<starlette.testclient.TestClient object at 0x10b21a210>, Settings(demo_mode=True, environment='development', auto_mig...4990, free_candidate_limit=5, free_shortlist_rows=5), <tests.test_account_flows.RecordingSender object at 0x10a75bda0>)

    def test_every_address_shape_gets_the_same_neutral_answer(self, mail_sink):
        """Existing, unknown, malformed and inactive read identically."""
        client, _, sink = mail_sink
        register(client, "neutral")
        client.post("/api/auth/logout")
        register(client, "inactive")
    
        from app.db import SessionLocal
        from app.models import User
    
        with SessionLocal() as session:
            dormant = session.query(User).filter(User.email == "inactive@example.test").one()
            dormant.is_active = False
            session.commit()
        client.post("/api/auth/logout")
    
        shapes = {
            "existing": "neutral@example.test",
            "unknown": "nobody@example.test",
            "malformed": "not-an-email",
            "inactive": "inactive@example.test",
        }
        answers = {}
        for label, email in shapes.items():
            response = client.post("/api/auth/password/reset-request", json={"email": email})
            assert response.status_code == 202, label
            answers[label] = response.json()
    
        for label, body in answers.items():
>           assert set(body) == {"detail"}, f"[{label}] response carried {sorted(body)}"
E           AssertionError: [existing] response carried ['detail', 'reset_link']
E           assert {'detail', 'reset_link'} == {'detail'}
E             
E             Extra items in the left set:
E             'reset_link'
E             Use -v to get more diff

tests/test_account_flows.py:397: AssertionError
---------------------------- Captured stderr setup -----------------------------
INFO  [alembic.runtime.migration] Context impl SQLiteImpl.
INFO  [alembic.runtime.migration] Will assume non-transactional DDL.
INFO  [alembic.runtime.migration] Running upgrade  -> bb9a7d0ed5c3, Initial schema.
INFO  [alembic.runtime.migration] Running upgrade bb9a7d0ed5c3 -> c3a1f4e9b2d7, authentication, organizations and tenant-scoped applicant cases
INFO  [alembic.runtime.migration] Running upgrade c3a1f4e9b2d7 -> e2f7a41c9b83, client request key on research runs, so a replayed start returns its run
INFO  [alembic.runtime.migration] Running upgrade e2f7a41c9b83 -> f13b9c5d2a44, when a run's evidence next ages out
INFO  [alembic.runtime.migration] Running upgrade f13b9c5d2a44 -> a7c4e1f80b52, password reset tokens and a recorded email-verification flag
INFO  [alembic.runtime.migration] Running upgrade a7c4e1f80b52 -> b8d2f6c103ae, diagnostics that are unknowns, kept apart from failures
INFO  [alembic.runtime.migration] Running upgrade b8d2f6c103ae -> c9e05a71f4d8, JSON columns become JSONB on PostgreSQL
INFO  [alembic.runtime.migration] Running upgrade c9e05a71f4d8 -> e7c4a91b6f20, social module: applicant profiles, posts, tags and threads
INFO  [alembic.runtime.migration] Running upgrade e7c4a91b6f20 -> a4d1c7e58b92, which portfolio bucket a result landed in
INFO  [alembic.runtime.migration] Running upgrade a4d1c7e58b92 -> f2a8c17d9e04, private conversations, and who may start one
INFO  [alembic.runtime.migration] Running upgrade f2a8c17d9e04 -> a4d61c8e73b2, blocking, and a queue for what a person reports
INFO  [alembic.runtime.migration] Running upgrade a4d61c8e73b2 -> c8f3b0d47a19, avatars, stored and served by us
INFO  [alembic.runtime.migration] Running upgrade c8f3b0d47a19 -> d4b2c8f17a90, Orders, payment events, entitlements, and the tier a run was allowed.
INFO  [alembic.runtime.migration] Running upgrade d4b2c8f17a90 -> e7c1a4d90b52, School subscriptions, and the retirement of the org-wide entitlement.
_ TestResetRequestSafety.test_staging_gets_the_same_silent_answer_as_production _

self = <tests.test_security.TestResetRequestSafety object at 0x108c7e660>
auth_client = (<starlette.testclient.TestClient object at 0x10bc16f90>, Settings(demo_mode=True, environment='staging', auto_migrate...SecretStr(''), apipay_timeout_seconds=20.0, case_unlock_price_kzt=4990, free_candidate_limit=5, free_shortlist_rows=5))
monkeypatch = <_pytest.monkeypatch.MonkeyPatch object at 0x10afc3080>

    def test_staging_gets_the_same_silent_answer_as_production(self, auth_client, monkeypatch):
        """The compose stack runs UNIMATCH_ENVIRONMENT=staging behind an
        exposed API port; staging must be as silent as production."""
        client, settings = auth_client
        register(client, "staging-user")
        client.post("/api/auth/logout")
        monkeypatch.setattr(settings, "environment", "staging")
    
        response = client.post(
            "/api/auth/password/reset-request", json={"email": "staging-user@example.test"}
        )
        assert response.status_code == 202
>       assert set(response.json()) == {"detail"}
E       AssertionError: assert {'detail', 'reset_link'} == {'detail'}
E         
E         Extra items in the left set:
E         'reset_link'
E         Use -v to get more diff

tests/test_security.py:296: AssertionError
---------------------------- Captured stderr setup -----------------------------
INFO  [alembic.runtime.migration] Context impl SQLiteImpl.
INFO  [alembic.runtime.migration] Will assume non-transactional DDL.
INFO  [alembic.runtime.migration] Running upgrade  -> bb9a7d0ed5c3, Initial schema.
INFO  [alembic.runtime.migration] Running upgrade bb9a7d0ed5c3 -> c3a1f4e9b2d7, authentication, organizations and tenant-scoped applicant cases
INFO  [alembic.runtime.migration] Running upgrade c3a1f4e9b2d7 -> e2f7a41c9b83, client request key on research runs, so a replayed start returns its run
INFO  [alembic.runtime.migration] Running upgrade e2f7a41c9b83 -> f13b9c5d2a44, when a run's evidence next ages out
INFO  [alembic.runtime.migration] Running upgrade f13b9c5d2a44 -> a7c4e1f80b52, password reset tokens and a recorded email-verification flag
INFO  [alembic.runtime.migration] Running upgrade a7c4e1f80b52 -> b8d2f6c103ae, diagnostics that are unknowns, kept apart from failures
INFO  [alembic.runtime.migration] Running upgrade b8d2f6c103ae -> c9e05a71f4d8, JSON columns become JSONB on PostgreSQL
INFO  [alembic.runtime.migration] Running upgrade c9e05a71f4d8 -> e7c4a91b6f20, social module: applicant profiles, posts, tags and threads
INFO  [alembic.runtime.migration] Running upgrade e7c4a91b6f20 -> a4d1c7e58b92, which portfolio bucket a result landed in
INFO  [alembic.runtime.migration] Running upgrade a4d1c7e58b92 -> f2a8c17d9e04, private conversations, and who may start one
INFO  [alembic.runtime.migration] Running upgrade f2a8c17d9e04 -> a4d61c8e73b2, blocking, and a queue for what a person reports
INFO  [alembic.runtime.migration] Running upgrade a4d61c8e73b2 -> c8f3b0d47a19, avatars, stored and served by us
INFO  [alembic.runtime.migration] Running upgrade c8f3b0d47a19 -> d4b2c8f17a90, Orders, payment events, entitlements, and the tier a run was allowed.
INFO  [alembic.runtime.migration] Running upgrade d4b2c8f17a90 -> e7c1a4d90b52, School subscriptions, and the retirement of the org-wide entitlement.
=============================== warnings summary ===============================
.venv/lib/python3.12/site-packages/fastapi/testclient.py:1
  /Users/wpalish/ashyq-worktrees/c1-t01-qa/backend/.venv/lib/python3.12/site-packages/fastapi/testclient.py:1: StarletteDeprecationWarning: Using `httpx` with `starlette.testclient` is deprecated; install `httpx2` instead.
    from starlette.testclient import TestClient as TestClient  # noqa

-- Docs: https://docs.pytest.org/en/stable/how-to/capture-warnings.html
=========================== short test summary info ============================
FAILED tests/test_account_flows.py::TestResetTokenNeverLeavesTheMailbox::test_no_environment_puts_the_token_in_the_response[development]
FAILED tests/test_account_flows.py::TestResetTokenNeverLeavesTheMailbox::test_no_environment_puts_the_token_in_the_response[staging]
FAILED tests/test_account_flows.py::TestResetTokenNeverLeavesTheMailbox::test_no_environment_puts_the_token_in_the_response[testing]
FAILED tests/test_account_flows.py::TestResetTokenNeverLeavesTheMailbox::test_the_letter_delivers_a_working_token
FAILED tests/test_account_flows.py::TestResetTokenNeverLeavesTheMailbox::test_a_stranger_gets_no_token_in_the_answer
FAILED tests/test_account_flows.py::TestResetTokenNeverLeavesTheMailbox::test_every_address_shape_gets_the_same_neutral_answer
FAILED tests/test_security.py::TestResetRequestSafety::test_staging_gets_the_same_silent_answer_as_production
