
> unimatch-frontend@0.1.0 build
> tsc -b && vite build

vite v6.4.3 building for production...
transforming...
✓ 69 modules transformed.
rendering chunks...
computing gzip size...
dist/index.html                                                   0.60 kB │ gzip:   0.38 kB
dist/assets/jetbrains-mono-greek-400-normal-C190GLew.woff2        4.23 kB
dist/assets/jetbrains-mono-greek-500-normal-JpySY46c.woff2        4.28 kB
dist/assets/inter-vietnamese-400-normal-DMkecbls.woff2            4.97 kB
dist/assets/inter-vietnamese-600-normal-Cc8MFFhd.woff2            5.10 kB
dist/assets/inter-vietnamese-700-normal-DlLaEgI2.woff2            5.10 kB
dist/assets/inter-vietnamese-500-normal-DOriooB6.woff2            5.11 kB
dist/assets/inter-greek-ext-400-normal-DGGRlc-M.woff2             5.26 kB
dist/assets/jetbrains-mono-cyrillic-400-normal-BEIGL1Tu.woff2     5.33 kB
dist/assets/jetbrains-mono-cyrillic-500-normal-DmUKJPL_.woff2     5.36 kB
dist/assets/jetbrains-mono-vietnamese-400-normal-CqNFfHCs.woff    5.37 kB
dist/assets/inter-greek-ext-500-normal-C4iEst2y.woff2             5.43 kB
dist/assets/inter-greek-ext-600-normal-DRtmH8MT.woff2             5.43 kB
dist/assets/inter-greek-ext-700-normal-qfdV9bQt.woff2             5.44 kB
dist/assets/jetbrains-mono-vietnamese-500-normal-DNRqzVM1.woff    5.48 kB
dist/assets/jetbrains-mono-greek-400-normal-B9oWc5Lo.woff         5.66 kB
dist/assets/jetbrains-mono-greek-500-normal-D7SFKleX.woff         5.72 kB
dist/assets/fraunces-vietnamese-400-normal-CvGt0Ybw.woff2         6.21 kB
dist/assets/fraunces-vietnamese-600-normal-BjlAJixd.woff2         6.28 kB
dist/assets/fraunces-vietnamese-700-normal-DH94m5DZ.woff2         6.35 kB
dist/assets/inter-vietnamese-400-normal-Bbgyi5SW.woff             6.50 kB
dist/assets/inter-vietnamese-500-normal-mJboJaSs.woff             6.60 kB
dist/assets/inter-vietnamese-700-normal-BZaoP0fm.woff             6.63 kB
dist/assets/inter-vietnamese-600-normal-BuLX-rYi.woff             6.64 kB
dist/assets/jetbrains-mono-cyrillic-400-normal-ugxPyKxw.woff      6.98 kB
dist/assets/jetbrains-mono-cyrillic-500-normal-DJqRU3vO.woff      7.02 kB
dist/assets/inter-greek-ext-400-normal-KugGGMne.woff              7.06 kB
dist/assets/inter-greek-ext-500-normal-2j5mBUwD.woff              7.19 kB
dist/assets/inter-greek-ext-600-normal-B8X0CLgF.woff              7.21 kB
dist/assets/inter-greek-ext-700-normal-BoQ6DsYi.woff              7.22 kB
dist/assets/jetbrains-mono-latin-ext-400-normal-Bc8Ftmh3.woff2    7.34 kB
dist/assets/jetbrains-mono-latin-ext-500-normal-Cut-4mMH.woff2    7.53 kB
dist/assets/inter-cyrillic-400-normal-obahsSVq.woff2              7.71 kB
dist/assets/inter-greek-400-normal-B4URO6DV.woff2                 7.78 kB
dist/assets/inter-cyrillic-500-normal-BasfLYem.woff2              7.90 kB
dist/assets/inter-cyrillic-700-normal-CjBOestx.woff2              7.90 kB
dist/assets/inter-greek-500-normal-BIZE56-Y.woff2                 7.92 kB
dist/assets/inter-greek-700-normal-C3JjAnD8.woff2                 7.92 kB
dist/assets/fraunces-vietnamese-600-normal-DlAl5EAR.woff          7.93 kB
dist/assets/inter-greek-600-normal-plRanbMR.woff2                 7.94 kB
dist/assets/inter-cyrillic-600-normal-CWCymEST.woff2              7.97 kB
dist/assets/fraunces-vietnamese-400-normal-B65MOf9T.woff          7.98 kB
dist/assets/fraunces-vietnamese-700-normal-DxawQjq2.woff          8.00 kB
dist/assets/inter-cyrillic-400-normal-HOLc17fK.woff               9.78 kB
dist/assets/inter-cyrillic-700-normal-DrXBdSj3.woff               9.91 kB
dist/assets/inter-greek-400-normal-q2sYcFCs.woff                  9.92 kB
dist/assets/inter-cyrillic-600-normal-4D_pXhcN.woff               9.94 kB
dist/assets/inter-cyrillic-500-normal-CxZf_p3X.woff               9.94 kB
dist/assets/inter-greek-500-normal-Xzm54t5V.woff                  9.98 kB
dist/assets/inter-greek-700-normal-BUv2fZ6O.woff                  9.98 kB
dist/assets/inter-greek-600-normal-BZpKdvQh.woff                 10.03 kB
dist/assets/jetbrains-mono-latin-ext-400-normal-fXTG6kC5.woff    10.13 kB
dist/assets/inter-cyrillic-ext-400-normal-BQZuk6qB.woff2         10.23 kB
dist/assets/jetbrains-mono-latin-ext-500-normal-ckzbgY84.woff    10.34 kB
dist/assets/inter-cyrillic-ext-500-normal-B0yAr1jD.woff2         10.43 kB
dist/assets/inter-cyrillic-ext-600-normal-Dfes3d0z.woff2         10.48 kB
dist/assets/inter-cyrillic-ext-700-normal-BjwYoWNd.woff2         10.50 kB
dist/assets/inter-cyrillic-ext-400-normal-DQukG94-.woff          13.34 kB
dist/assets/inter-cyrillic-ext-700-normal-LO58E6JB.woff          13.41 kB
dist/assets/inter-cyrillic-ext-500-normal-BmqWE9Dz.woff          13.45 kB
dist/assets/inter-cyrillic-ext-600-normal-Bcila6Z-.woff          13.46 kB
dist/assets/fraunces-latin-ext-400-normal-D8gbi3Gu.woff2         17.29 kB
dist/assets/fraunces-latin-ext-600-normal-BtzmzP0X.woff2         17.34 kB
dist/assets/fraunces-latin-ext-700-normal-CanUGppC.woff2         17.66 kB
dist/assets/fraunces-latin-400-normal-6IfK1voy.woff2             17.97 kB
dist/assets/fraunces-latin-600-normal-BFCDtZfi.woff2             18.10 kB
dist/assets/fraunces-latin-700-normal-CEOla-zY.woff2             18.21 kB
dist/assets/jetbrains-mono-latin-400-normal-V6pRDFza.woff2       21.17 kB
dist/assets/jetbrains-mono-latin-500-normal-BWZEU5yA.woff2       21.83 kB
dist/assets/fraunces-latin-ext-600-normal-B0Dy4lqi.woff          22.36 kB
dist/assets/fraunces-latin-ext-400-normal-UihxqfOe.woff          22.37 kB
dist/assets/fraunces-latin-400-normal-NUPT2cO8.woff              22.48 kB
dist/assets/fraunces-latin-600-normal-DL5QCzvS.woff              22.51 kB
dist/assets/fraunces-latin-700-normal-DTjk5d1Q.woff              22.52 kB
dist/assets/fraunces-latin-ext-700-normal-DuBstVeD.woff          22.61 kB
dist/assets/inter-latin-400-normal-C38fXH4l.woff2                23.66 kB
dist/assets/inter-latin-500-normal-Cerq10X2.woff2                24.27 kB
dist/assets/inter-latin-700-normal-Yt3aPRUw.woff2                24.36 kB
dist/assets/inter-latin-600-normal-LgqL8muc.woff2                24.45 kB
dist/assets/jetbrains-mono-latin-400-normal-6-qcROiO.woff        27.50 kB
dist/assets/jetbrains-mono-latin-500-normal-CJOVTJB7.woff        28.21 kB
dist/assets/inter-latin-400-normal-CyCys3Eg.woff                 30.70 kB
dist/assets/inter-latin-600-normal-CiBQ2DWP.woff                 31.26 kB
dist/assets/inter-latin-500-normal-BL9OpVg8.woff                 31.28 kB
dist/assets/inter-latin-700-normal-BLAVimhd.woff                 31.32 kB
dist/assets/inter-latin-ext-400-normal-C1nco2VV.woff2            35.00 kB
dist/assets/inter-latin-ext-500-normal-CV4jyFjo.woff2            36.02 kB
dist/assets/inter-latin-ext-700-normal-Ca8adRJv.woff2            36.24 kB
dist/assets/inter-latin-ext-600-normal-D2bJ5OIk.woff2            36.26 kB
dist/assets/inter-latin-ext-400-normal-77YHD8bZ.woff             47.56 kB
dist/assets/inter-latin-ext-500-normal-BxGbmqWO.woff             48.49 kB
dist/assets/inter-latin-ext-700-normal-TidjK2hL.woff             48.63 kB
dist/assets/inter-latin-ext-600-normal-CIVaiw4L.woff             48.67 kB
dist/assets/index-Cbry_o6V.css                                   66.11 kB │ gzip:  21.72 kB
dist/assets/index-CDzkCL9F.js                                   366.64 kB │ gzip: 106.51 kB │ map: 943.81 kB
✓ built in 447ms
